// Vitest Snapshot v1, https://vitest.dev/guide/snapshot.html

exports[`createConventionalChangelog > default 1`] = `
[
  "### ‚ú® Features",
  "",
  "- update github workflows (ca0db97)",
  "- lazy implementation loading (792d6b6)",
  "- @wroud/di-tools-codemod (1c4c04c)",
  "- add full screen mode for di analyzer (d7ef251)",
  "- add robots.txt (19bdf3b)",
  "- move graph to another page (6379e3f)",
  "- add di analyzer (5ce1124)",
  "- adjust SEO in docs (201aba6)",
  "- add logo to docs (0a14136)",
  "- add strict types to ServicesRegistry.register (6d43540)",
  "- add github pages (f193d85)",
  "- add module and types (5ebef39)",
  "- add cache cleanup action (0c4a86d)",
  "- configure code coverage (cf9454d)",
  "- enable zero installs (0d675f9)",
  "- add github workflows (e92166a)",
  "- init workspace (1306e07)",
  "",
  "### ü©π Fixes",
  "",
  "- add automated releases (26768a0)",
  "- ci-cd (d5ac8c0)",
  "- tsconfig (dcf424a)",
  "- cyclic dependencies detection (0c7228a)",
  "- change package type (43a43b5)",
  "- run as common js module (4672641)",
  "- exports (b65f7e9)",
  "- robots.txt name (5e5e195)",
  "- graph example (3aa1529)",
  "- docs sitemap filter (4d04ec9)",
  "- adjust memory threshold for GC (10c7455)",
  "- docs logo styles in light theme (c5ff8f6)",
  "- proper error message while resolving scoped dependency for singleton service (b6a45ff)",
  "- update types (ff3238e)",
  "- version lazy loading leads to incorrect badge on first render (d7517cc)",
  "- add logs to console (25845a7)",
  "- ci-cd (1a8cd2f)",
  "- ci-cd (d95c6d4)",
  "- ci-cd (57eee77)",
  "- ci-cd (b931c2c)",
  "- workflow (ab52910)",
  "- build docs separately (7720341)",
  "- link to the di overview page (83012a5)",
  "- pages deploy workflow (83d3093)",
  "- return publish package dir (83108bd)",
  "- add version (ae35e9f)",
  "- publish workflow (ee089fa)",
  "- codecov ci (41d0e01)",
  "- collect coverage (62aec5f)",
  "- remove dist (a8879c6)",
  "- configure ci (c27dbf0)",
  "",
  "### ‚ö†Ô∏è  Breaking Changes",
  "",
  "- test commit with something (1dfaff1)",
  "  - Some breaky change",
  "- disable auto release (5a84e8d)",
  "  - disable auto release",
  "- release @wroud/di@0.9.1 (cde6098)",
  "  - Some breaky change",
  "",
  "### üìñ Documentation",
  "",
  "- ModuleRegistry api (e5142e0)",
  "- add documentation for @wroud/di-tools-analyzer (52276d5)",
  "- remove extra (cf852fa)",
  "- make examples simpler (5f55b1c)",
  "- simplify samples (f76c015)",
  "- add "Why DI?" page (33c7dd4)",
  "- update docs (e7759c1)",
  "- complete base articles (5286029)",
  "- collect jest statistic for provided package (f98f7b1)",
  "- add installation section (6fb62f9)",
  "- add dependency injection overview page (fc9ef0f)",
  "",
]
`;
